﻿
> portfolio_2@1.0.0 build
> vite build

[36mvite v7.3.1 [32mbuilding client environment for production...[36m[39m
transforming...
[32mΓ£ô[39m 1026 modules transformed.
node.exe : [31mΓ£ù[39m Build failed in 2.03s
At C:\Program Files\nodejs\npm.ps1:29 char:3
+   & $NODE_EXE $NPM_CLI_JS $args
+   ~~~~~~~~~~~~~~~~~~~~~~~~~~~~~
    + CategoryInfo          : NotSpecified: ([31mΓ£ù[3 
   9m Build failed in 2.03s:String) [], RemoteException
    + FullyQualifiedErrorId : NativeCommandError
 
[31merror during build:
[31m[vite:css] [postcss] It looks like you're trying to 
use `tailwindcss` directly as a PostCSS plugin. The 
PostCSS plugin has moved to a separate package, so to 
continue using Tailwind CSS with PostCSS you'll need to 
install `@tailwindcss/postcss` and update your PostCSS 
configuration.[31m
file: [36mC:/Users/kunj lunagariya/OneDrive/Desktop/Port
folio_2/src/index.css:undefined:NaN[31m
    at at (C:\Users\kunj lunagariya\OneDrive\Desktop\Port
folio_2\node_modules\tailwindcss\dist\lib.js:38:1643)
    at LazyResult.runOnRoot (C:\Users\kunj lunagariya\One
Drive\Desktop\Portfolio_2\node_modules\postcss\lib\lazy-r
esult.js:361:16)
    at LazyResult.runAsync (C:\Users\kunj lunagariya\OneD
rive\Desktop\Portfolio_2\node_modules\postcss\lib\lazy-re
sult.js:290:26)
    at async runPostCSS (file:///C:/Users/kunj%20lunagari
ya/OneDrive/Desktop/Portfolio_2/node_modules/vite/dist/no
de/chunks/config.js:30145:19)
    at async compilePostCSS (file:///C:/Users/kunj%20luna
gariya/OneDrive/Desktop/Portfolio_2/node_modules/vite/dis
t/node/chunks/config.js:30129:6)
    at async compileCSS (file:///C:/Users/kunj%20lunagari
ya/OneDrive/Desktop/Portfolio_2/node_modules/vite/dist/no
de/chunks/config.js:30059:26)
    at async Object.handler (file:///C:/Users/kunj%20luna
gariya/OneDrive/Desktop/Portfolio_2/node_modules/vite/dis
t/node/chunks/config.js:29592:54)
    at async transform (file:///C:/Users/kunj%20lunagariy
a/OneDrive/Desktop/Portfolio_2/node_modules/rollup/dist/e
s/shared/node-entry.js:21269:16)
    at async ModuleLoader.addModuleSource (file:///C:/Use
rs/kunj%20lunagariya/OneDrive/Desktop/Portfolio_2/node_mo
dules/rollup/dist/es/shared/node-entry.js:21497:36)[39m
